ghostscan
=========

Result: FINDINGS DETECTED

Files scanned: 5
Files with findings: 2

Severity:
  HIGH   3

Top concerns:
  1. Hidden Unicode payload with nearby decoder pattern in 1 file
  2. Mixed-script identifiers in 1 file
  3. Trojan Source bidi control characters detected in 1 file

-- src/a.js ----------------------------------------------------------
Severity: HIGH
Incidents: 1
Supporting observations: 2

[HIGH] Hidden Unicode payload with nearby decoder pattern

Rule: unicode/correlation
Location: line 1, col 17 -> line 1, col 19

Why this matters:
  Invisible or private-use Unicode can hide an encoded payload.
  A decoder or dynamic execution primitive was found 9 lines away.

Evidence:
  payload: <U+200B ZERO WIDTH SPACE> x 3
  decoder: eval(
  distance: 9 lines

Supporting observations:
  [MEDIUM] Invisible Unicode sequence
    start: line 1 col 17
    length: 3

  [HIGH] Decoder pattern
    pattern: eval(
    line: 10


-- src/b.js ----------------------------------------------------------
Severity: HIGH
Incidents: 2
Supporting observations: 0

[HIGH] Trojan Source bidi control characters detected

Rule: unicode/bidi

Why this matters:
  Bidirectional controls can reorder displayed source and hide the code a reviewer believes they are reading.

Locations:
  line 2 col 2  <U+202E RIGHT-TO-LEFT OVERRIDE>

[HIGH] Suspicious mixed-script token detected: token mixes Latin with Cyrillic letters

Rule: unicode/mixed-script
Location: line 5, col 8

Why this matters:
  Mixed-script identifiers can impersonate trusted names while looking similar to reviewers.

Evidence:
  evidence: "validateUsеr" (е(U+0435 Cyrillic))
